[ngoc-thien.com/index.html]
[backblue.gif]
[fade.gif]
[index.html]
[ngoc-thien.com/wp-content/plugins/soundy-background-music/css/jquery-ui-1.12.1/jquery-ui.css]
[ngoc-thien.com/wp-content/cache/busting/1/wp-content-plugins-wd-facebook-feed-css-ffwd_frontend-1.0.28.css]
[ngoc-thien.com/wp-content/cache/busting/1/wp-content-plugins-wd-facebook-feed-css-font-awesome-font-awesome-4.4.0.css]
[ngoc-thien.com/feed/index.html]
[ngoc-thien.com/wp-content/cache/busting/1/wp-content-plugins-wd-facebook-feed-css-jquery.mCustomScrollbar-1.0.28.css]
[ngoc-thien.com/wp-content/cache/busting/1/wp-content-themes-flatsome-assets-css-fl-icons-3.3.css]
[ngoc-thien.com/wp-content/cache/busting/1/wp-content-themes-flatsome-assets-css-flatsome-3.4.0.css]
[ngoc-thien.com/wp-content/cache/busting/1/wp-includes-js-jquery-jquery-1.12.4.js]
[ngoc-thien.com/comments/feed/index.html]
[ngoc-thien.com/wp-content/cache/busting/1/wp-includes-js-jquery-jquery-migrate.min-1.4.1.js]
[ngoc-thien.com/wp-content/plugins/soundy-background-music/js/front-end.js]
[ngoc-thien.com/wp-content/cache/busting/1/wp-content-plugins-wd-facebook-feed-js-ffwd_frontend-1.0.28.js]
[ngoc-thien.com/wp-content/cache/busting/1/wp-content-plugins-wd-facebook-feed-js-jquery.mobile-1.0.28.js]
[ngoc-thien.com/wp-content/cache/busting/1/wp-content-plugins-wd-facebook-feed-js-jquery.mCustomScrollbar.concat.min-1.0.28.js]
[ngoc-thien.com/wp-content/cache/busting/1/wp-content-plugins-wd-facebook-feed-js-jquery.fullscreen-0.4.1-0.4.1.js]
[ngoc-thien.com/wp-content/cache/busting/1/wp-content-plugins-wd-facebook-feed-js-ffwd_gallery_box-1.0.28.js]
[ngoc-thien.com/xmlrpc0db0.php]
[ngoc-thien.com/wp-includes/wlwmanifest.xml]
[ngoc-thien.com/wp-json/index.html]
[ajax.googleapis.com/ajax/libs/webfont/1/webfont.js]
[ngoc-thien.com/wp-content/uploads/2017/10/cropped-icon-32x32.png]
[ngoc-thien.com/wp-content/uploads/2017/10/cropped-icon-192x192.png]
[ngoc-thien.com/wp-content/uploads/2017/10/cropped-icon-180x180.png]
[ngoc-thien.com/wp-content/uploads/2017/10/NgocVaThien-1.png]
[ngoc-thien.com/wp-content/uploads/2017/10/ngoc-thien-trang.png]
[ngoc-thien.com/wp-content/uploads/2017/10/3S8A0045.jpg]
[ngoc-thien.com/wp-content/uploads/2017/10/icon.png]
[ngoc-thien.com/wp-content/uploads/2017/10/chui-re.png]
[ngoc-thien.com/wp-content/uploads/2017/10/co-dau-300x300.png]
[ngoc-thien.com/wp-content/uploads/2017/10/3S8A0236-683x1024.jpg]
[ngoc-thien.com/wp-content/uploads/2017/10/3S8A0354-683x1024.jpg]
[ngoc-thien.com/wp-content/uploads/2017/10/3S8A0112-683x1024.jpg]
[ngoc-thien.com/wp-content/uploads/2017/10/3S8A0370-683x1024.jpg]
[ngoc-thien.com/wp-content/uploads/2017/10/3S8A0063-683x1024.jpg]
[ngoc-thien.com/wp-content/uploads/2017/10/3S8A0560.jpg]
[ngoc-thien.com/wp-content/uploads/2017/10/NgocVaThien-1-300x118.png]
[ngoc-thien.com/wp-login66ec.html]
[ngoc-thien.com/wp-content/cache/busting/1/wp-content-themes-flatsome-assets-css-effects-3.4.0.css]
[ngoc-thien.com/wp-content/themes/flatsome/inc/shortcodes/ux_countdown/ux-countdown.css]
[ngoc-thien.com/wp-content/cache/busting/1/wp-includes-js-jquery-ui-core.min-1.11.4.js]
[ngoc-thien.com/wp-content/cache/busting/1/wp-includes-js-jquery-ui-widget.min-1.11.4.js]
[ngoc-thien.com/wp-content/cache/busting/1/wp-includes-js-jquery-ui-mouse.min-1.11.4.js]
[ngoc-thien.com/wp-content/cache/busting/1/wp-includes-js-jquery-ui-slider.min-1.11.4.js]
[ngoc-thien.com/wp-content/cache/busting/1/wp-includes-js-jquery-ui-sortable.min-1.11.4.js]
[ngoc-thien.com/wp-content/cache/busting/1/wp-includes-js-jquery-ui-effect.min-1.11.4.js]
[ngoc-thien.com/wp-content/cache/busting/1/wp-content-themes-flatsome-inc-extensions-flatsome-live-search-flatsome-live-search-3.4.0.js]
[ngoc-thien.com/wp-content/cache/busting/1/wp-includes-js-hoverIntent.min-1.8.1.js]
[ngoc-thien.com/wp-content/cache/busting/1/wp-content-themes-flatsome-assets-js-flatsome-3.4.0.js]
[ngoc-thien.com/wp-content/themes/flatsome/inc/shortcodes/ux_countdown/countdown-script-min.js]
[ngoc-thien.com/wp-content/cache/busting/1/wp-content-themes-flatsome-inc-shortcodes-ux_countdown-ux-countdown-3.2.6.js]
[ngoc-thien.com/index.html]
[ngoc-thien.com/xmlrpc.php]
[ngoc-thien.com/wp-content/cache/busting/1/wp-content-themes-flatsome-assets-libs-packery.pkgd.min-3.4.0.js]
[ngoc-thien.com/wp-content/plugins/soundy-background-music/css/jquery-ui-1.12.1/images/ui-icons_444444_256x240.png]
[ngoc-thien.com/wp-content/plugins/soundy-background-music/css/jquery-ui-1.12.1/images/ui-icons_555555_256x240.png]
[ngoc-thien.com/wp-content/plugins/soundy-background-music/css/jquery-ui-1.12.1/images/ui-icons_ffffff_256x240.png]
[ngoc-thien.com/wp-content/plugins/soundy-background-music/css/jquery-ui-1.12.1/images/ui-icons_777620_256x240.png]
[ngoc-thien.com/wp-content/plugins/soundy-background-music/css/jquery-ui-1.12.1/images/ui-icons_cc0000_256x240.png]
[ngoc-thien.com/wp-content/plugins/soundy-background-music/css/jquery-ui-1.12.1/images/ui-icons_777777_256x240.png]
[ngoc-thien.com/wp-content/plugins/soundy-background-music/css/jquery-ui-1.12.1/jquery-ui.css]
[ngoc-thien.com/wp-content/plugins/soundy-background-music/css/style-front-end.css]
[ngoc-thien.com/wp-content/plugins/wd-facebook-feed/images/ajax_loader.png]
[ngoc-thien.com/wp-content/plugins/wd-facebook-feed/images/blank.gif]
[ngoc-thien.com/wp-content/plugins/wd-facebook-feed/images/captcha_refresh.png]
[ngoc-thien.com/wp-content/cache/busting/1/wp-content-plugins-wd-facebook-feed-css-ffwd_frontend-1.0.28.css]
[ngoc-thien.com/wp-content/plugins/wd-facebook-feed/css/font-awesome/fonts/fontawesome-webfont93e3.eot]
[ngoc-thien.com/wp-content/plugins/wd-facebook-feed/css/font-awesome/fonts/fontawesome-webfontd41d.eot]
[ngoc-thien.com/wp-content/plugins/wd-facebook-feed/css/font-awesome/fonts/fontawesome-webfont93e3.html]
[ngoc-thien.com/wp-content/plugins/wd-facebook-feed/css/font-awesome/fonts/fontawesome-webfont93e3.woff]
[ngoc-thien.com/wp-content/plugins/wd-facebook-feed/css/font-awesome/fonts/fontawesome-webfont93e3.ttf]
[ngoc-thien.com/wp-content/cache/busting/1/wp-content-plugins-wd-facebook-feed-css-font-awesome-font-awesome-4.4.0.css]
[ngoc-thien.com/wp-content/plugins/wd-facebook-feed/css/font-awesome/fonts/fontawesome-webfont93e3.svg]
[ngoc-thien.com/wp-content/cache/busting/1/wp-content-plugins-wd-facebook-feed-css-jquery.mCustomScrollbar-1.0.28.css]
[ngoc-thien.com/wp-content/themes/flatsome/assets/css/icons/fl-icons.eot]
[ngoc-thien.com/wp-content/themes/flatsome/assets/css/icons/fl-icons.html]
[ngoc-thien.com/wp-content/themes/flatsome/assets/css/icons/fl-icons.ttf]
[ngoc-thien.com/wp-content/themes/flatsome/assets/css/icons/fl-icons.woff]
[ngoc-thien.com/wp-content/cache/busting/1/wp-content-themes-flatsome-assets-css-fl-icons-3.3.css]
[ngoc-thien.com/wp-content/themes/flatsome/assets/css/icons/fl-icons.svg]
[ngoc-thien.com/wp-content/themes/flatsome/assets/img/shadow@2x.png]
[ngoc-thien.com/wp-content/themes/flatsome/assets/img/underline.png]
[ngoc-thien.com/wp-content/cache/busting/1/wp-content-themes-flatsome-assets-css-flatsome-3.4.0.css]
[ngoc-thien.com/wp-content/cache/busting/1/wp-content-themes-flatsome-child-style-3.4.0.css]
[ngoc-thien.com/wp-admin/load-styles8bef.css]
[ngoc-thien.com/wp-content/uploads/2017/10/cropped-icon-270x270.png]
[ngoc-thien.com/wp-loginc2b6.html]
[ngoc-thien.com/wp-login66ec.html]
[ngoc-thien.com/wp-content/themes/flatsome/assets/img/effects/rain.png]
[ngoc-thien.com/wp-content/themes/flatsome/assets/img/effects/sparkle1.png]
[ngoc-thien.com/wp-content/themes/flatsome/assets/img/effects/sparkle2.png]
[ngoc-thien.com/wp-content/themes/flatsome/assets/img/effects/glass1.png]
[ngoc-thien.com/wp-content/themes/flatsome/assets/img/effects/glass2.png]
[ngoc-thien.com/wp-content/themes/flatsome/assets/img/effects/confetti1.png]
[ngoc-thien.com/wp-content/themes/flatsome/assets/img/effects/confetti2.png]
[ngoc-thien.com/wp-content/themes/flatsome/assets/img/effects/snow1.png]
[ngoc-thien.com/wp-content/themes/flatsome/assets/img/effects/snow2.png]
[ngoc-thien.com/wp-content/cache/busting/1/wp-content-themes-flatsome-assets-css-effects-3.4.0.css]
[ngoc-thien.com/wp-content/themes/flatsome/inc/shortcodes/ux_countdown/ux-countdown.css]
[ngoc-thien.com/wp-content/plugins/wd-facebook-feed/css/font-awesome/fonts/fontawesome-webfont93e3.html]
[ngoc-thien.com/wp-content/plugins/wd-facebook-feed/css/font-awesome/fonts/fontawesome-webfont93e3.svg]
[ngoc-thien.com/wp-content/plugins/wd-facebook-feed/css/mCSB_buttons.html]
[ngoc-thien.com/wp-content/themes/flatsome/assets/css/icons/fl-icons.html]
[ngoc-thien.com/wp-content/themes/flatsome/assets/css/icons/fl-icons.svg]
[ngoc-thien.com/wp-includes/fonts/dashicons.eot]
[ngoc-thien.com/wp-admin/images/loading.gif]
[ngoc-thien.com/wp-admin/images/w-logo-blue7a53.png]
[ngoc-thien.com/wp-admin/load-styles8bef.css]
[ngoc-thien.com/wp-admin/images/wordpress-logo7d6b.svg]
[ngoc-thien.com/wp-login.html]
[ngoc-thien.com/wp-loginc2b6.html]
[ngoc-thien.com/wp-admin/images/wordpress-logo7d6b.svg]
[ngoc-thien.com/wp-login.html]
[ngoc-thien.com/wp-login2b47.html]
[ngoc-thien.com/wp-admin/index.html]
[ngoc-thien.com/wp-login2b47.html]
[ngoc-thien.com/wp-admin/&reauth=1.html]
